inurl:"/includes/header.php?systempath="
inurl:"/Gallery/displayCategory.php?basepath="
inurl:"/index.inc.php?PATH_Includes="
inurl:"/ashnews.php?pathtoashnews="
inurl:"/ashheadlines.php?pathtoashnews="
inurl:"/modules/xgallery/upgrade_album.php?GALLERY_BASEDIR="
inurl:"/demo/includes/init.php?user_inc="
inurl:"/jaf/index.php?show="
inurl:"/inc/shows.inc.php?cutepath="
inurl:"/poll/admin/common.inc.php?base_path="
inurl:"/pollvote/pollvote.php?pollname="
inurl:"/sources/post.php?fil_config="
inurl:"/modules/My_eGallery/public/displayCategory.php?basepath="
inurl:"/bb_lib/checkdb.inc.php?libpach="
inurl:"/include/livre_include.php?no_connect=lol&chem_absolu="
inurl:"/index.php?from_market=Y&pageurl="
inurl:"/modules/mod_mainmenu.php?mosConfig_absolute_path="
inurl:"/pivot/modules/module_db.php?pivot_path="
inurl:"/modules/4nAlbum/public/displayCategory.php?basepath="
inurl:"/derniers_commentaires.php?rep="
inurl:"/modules/coppermine/themes/default/theme.php?THEME_DIR="
inurl:"/modules/coppermine/include/init.inc.php?CPG_M_DIR="
inurl:"/modules/coppermine/themes/coppercop/theme.php?THEME_DIR="
inurl:"/coppermine/themes/maze/theme.php?THEME_DIR="
inurl:"/myPHPCalendar/admin.php?cal_dir="
inurl:"/agendax/addevent.inc.php?agendax_path="
inurl:"/modules/mod_mainmenu.php?mosConfig_absolute_path="
inurl:"/modules/xoopsgallery/upgrade_album.php?GALLERY_BASEDIR="
inurl:"/main.php?page="
inurl:"/default.php?page="
inurl:"/index.php?action="
inurl:"/index1.php?p="
inurl:"/index2.php?x="
inurl:"/index2.php?content="
inurl:"/index.php?conteudo="
inurl:"/index.php?cat="
inurl:"/include/new-visitor.inc.php?lvc_include_dir="
inurl:"/modules/agendax/addevent.inc.php?agendax_path="
inurl:"/shoutbox/expanded.php?conf="
inurl:"/modules/xgallery/upgrade_album.php?GALLERY_BASEDIR="
inurl:"/pivot/modules/module_db.php?pivot_path="
inurl:"/library/editor/editor.php?root="
inurl:"/library/lib.php?root="
inurl:"/e107/e107_handlers/secure_img_render.php?p="
inurl:"/zentrack/index.php?configFile="
inurl:"/main.php?x="
inurl:"/becommunity/community/index.php?pageurl="
inurl:"/GradeMap/index.php?page="
inurl:"/mwchat/libs/start_lobby.php?CONFIG[MWCHAT_Libs]="
inurl:"/zentrack/index.php?configFile="
inurl:"/pivot/modules/module_db.php?pivot_path="
inurl:"/inc/header.php/step_one.php?server_inc="
inurl:"/install/index.php?lng=../../include/main.inc&G_PATH="
inurl:"/inc/pipe.php?HCL_path="
inurl:"/include/write.php?dir="
inurl:"/include/new-visitor.inc.php?lvc_include_dir="
inurl:"/includes/header.php?systempath="
inurl:"/support/mailling/maillist/inc/initdb.php?absolute_path="
inurl:"/coppercop/theme.php?THEME_DIR="
inurl:"/zentrack/index.php?configFile="
inurl:"/pivot/modules/module_db.php?pivot_path="
inurl:"/inc/header.php/step_one.php?server_inc="
inurl:"/install/index.php?lng=../../include/main.inc&G_PATH="
inurl:"/inc/pipe.php?HCL_path="
inurl:"/include/write.php?dir="
inurl:"/include/new-visitor.inc.php?lvc_include_dir="
inurl:"/includes/header.php?systempath="
inurl:"/support/mailling/maillist/inc/initdb.php?absolute_path="
inurl:"/coppercop/theme.php?THEME_DIR="
inurl:"/becommunity/community/index.php?pageurl="
inurl:"/shoutbox/expanded.php?conf="
inurl:"/agendax/addevent.inc.php?agendax_path="
inurl:"/myPHPCalendar/admin.php?cal_dir="
inurl:"/yabbse/Sources/Packages.php?sourcedir="
inurl:"/zboard/zboard.php"
inurl:"/path_of_cpcommerce/_functions.php?prefix"
inurl:"/dotproject/modules/projects/addedit.php?root_dir="
inurl:"/dotproject/modules/projects/view.php?root_dir="
inurl:"/dotproject/modules/projects/vw_files.php?root_dir="
inurl:"/dotproject/modules/tasks/addedit.php?root_dir="
inurl:"/dotproject/modules/tasks/viewgantt.php?root_dir="
inurl:"/My_eGallery/public/displayCategory.php?basepath="
inurl:"/modules/My_eGallery/public/displayCategory.php?basepath="
inurl:"/modules/4nAlbum/public/displayCategory.php?basepath="
inurl:"/modules/coppermine/themes/default/theme.php?THEME_DIR="
inurl:"/modules/agendax/addevent.inc.php?agendax_path="
inurl:"/modules/xoopsgallery/upgrade_album.php?GALLERY_BASEDIR="
inurl:"/modules/xgallery/upgrade_album.php?GALLERY_BASEDIR="
inurl:"/modules/coppermine/include/init.inc.php?CPG_M_DIR="
inurl:"/modules/mod_mainmenu.php?mosConfig_absolute_path="
inurl:"/shoutbox/expanded.php?conf="
inurl:"/pivot/modules/module_db.php?pivot_path="
inurl:"/library/editor/editor.php?root="
inurl:"/library/lib.php?root="
inurl:"/e107/e107_handlers/secure_img_render.php?p="
inurl:"/main.php?x="
inurl:"/main.php?page="
inurl:"/default.php?page="
inurl:"/index.php?meio.php="
inurl:"/index.php?include="
inurl:"/index.php?inc="
inurl:"/index.php?page="
inurl:"/index.php?pag="
inurl:"/index.php?p="
inurl:"/index.php?x="
inurl:"/index.php?open="
inurl:"/index.php?open="
inurl:"/index.php?visualizar="
inurl:"/index.php?pagina="
inurl:"/index.php?content="
inurl:"/index.php?cont="
inurl:"/index.php?c="
inurl:"/index.php?meio="
inurl:"/index.php?x="
inurl:"/index.php?cat="
inurl:"/index.php?site="
inurl:"/index.php?configFile="
inurl:"/index.php?action="
inurl:"/index.php?do="
inurl:"/index2.php?x="
inurl:"/index2.php?content="
inurl:"/template.php?pagina="
inurl:"/inc/step_one_tables.php?server_inc="
inurl:"/GradeMap/index.php?page="
inurl:"/phpshop/index.php?base_dir="
inurl:"/admin.php?cal_dir="
inurl:"/path_of_cpcommerce/_functions.php?prefix= "
inurl:"/contacts.php?cal_dir="
inurl:"/convert-date.php?cal_dir="
inurl:"/album_portal.php?phpbb_root_path="
inurl:"/mainfile.php?MAIN_PATH="
inurl:"/dotproject/modules/files/index_table.php?root_dir="
inurl:"/html/affich.php?base="
inurl:"/gallery/init.php?HTTP_POST_VARS="
inurl:"/pm/lib.inc.php?pm_path="
inurl:"/ideabox/include.php?gorumDir="
inurl:"index2.php?includes_dir="
inurl:"forums/toplist.php?phpbb_root_path="
inurl:"forum/toplist.php?phpbb_root_path="
inurl:"admin/config_settings.tpl.php?include_path="
inurl:"include/common.php?include_path="
inurl:"event/index.php?page="
inurl:"forum/index.php?includeFooter="
inurl:"forums/index.php?includeFooter="
inurl:"forum/bb_admin.php?includeFooter="
inurl:"forums/bb_admin.php?includeFooter="
inurl:"language/lang_english/lang_activity.php?phpbb_root_path="
inurl:"forum/language/lang_english/lang_activity.php?phpbb_root_path="
inurl:"blend_data/blend_common.php?phpbb_root_path="
inurl:"master.php?root_path="
inurl:"includes/kb_constants.php?module_root_path="
inurl:"forum/includes/kb_constants.php?module_root_path="
inurl:"forums/includes/kb_constants.php?module_root_path="
inurl:"classes/adodbt/sql.php?classes_dir="
inurl:"agenda.php3?rootagenda="
inurl:"agenda2.php3?rootagenda="
inurl:"public_includes/pub_popup/popup_finduser.php?vsDragonRootPath="
inurl:"extras/poll/poll.php?file_newsportal="
inurl:"index.php?site_path="
inurl:"mail/index.php?site_path="
inurl:"fclick/show.php?path="
inurl:"show.php?path="
inurl:"calogic/reconfig.php?GLOBALS[CLPath]="
inurl:"eshow.php?Config_rootdir="
inurl:"auction/auction_common.php?phpbb_root_path="
inurl:"index.php?inc_dir="
inurl:"calendar/index.php?inc_dir="
inurl:"modules/TotalCalendar/index.php?inc_dir="
inurl:"modules/calendar/index.php?inc_dir="
inurl:"calendar/embed/day.php?path="
inurl:"ACalendar/embed/day.php?path="
inurl:"calendar/add_event.php?inc_dir="
inurl:"claroline/auth/extauth/drivers/ldap.inc.php?clarolineRepositorySys="
inurl:"claroline/auth/ldap/authldap.php?includePath="
inurl:"docebo/modules/credits/help.php?lang="
inurl:"modules/credits/help.php?lang="
inurl:"config.php?returnpath="
inurl:"editsite.php?returnpath="
inurl:"in.php?returnpath="
inurl:"addsite.php?returnpath="
inurl:"includes/pafiledb_constants.php?module_root_path="
inurl:"phpBB/includes/pafiledb_constants.php?module_root_path="
inurl:"pafiledb/includes/pafiledb_constants.php?module_root_path="
inurl:"auth/auth.php?phpbb_root_path="
inurl:"auth/auth_phpbb/phpbb_root_path="
inurl:"phpdig/includes/config.php?relative_script_path="
inurl:"includes/phpdig/includes/config.php?relative_script_path="
inurl:"includes/dbal.php?eqdkp_root_path="
inurl:"eqdkp/includes/dbal.php?eqdkp_root_path="
inurl:"dkp/includes/dbal.php?eqdkp_root_path="
inurl:"path/include/SQuery/gameSpy2.php?libpath="
inurl:"topsites/config.php?returnpath="
inurl:"ubbthreads/addpost_newpoll.php?addpoll=thispath="
inurl:"forum/addpost_newpoll.php?thispath="
inurl:"forums/addpost_newpoll.php?thispath="
inurl:"ubbthreads/ubbt.inc.php?thispath="
inurl:"forums/ubbt.inc.php?thispath="
inurl:"forum/ubbt.inc.php?thispath="
inurl:"forum/admin/addentry.php?phpbb_root_path="
inurl:"admin/addentry.php?phpbb_root_path="
inurl:"index.php?f="
inurl:"index.php?act="
inurl:"ipchat.php?root_path="
inurl:"stats.php?dir[func]=dir[base]="
inurl:"ladder/stats.php?dir[base]="
inurl:"ladders/stats.php?dir[base]="
inurl:"sphider/admin/configset.php?settings_dir="
inurl:"admin/configset.php?settings_dir="
inurl:"vwar/admin/admin.php?vwar_root="
inurl:"modules/vwar/admin/admin.php?vwar_root="
inurl:"modules/vWar_Account/includes/get_header.php?vwar_root="
inurl:"modules/vWar_Account/includes/functions_common.php?vwar_root2="
inurl:"sphider/admin/configset.php?settings_dir="
inurl:"admin/configset.php?settings_dir="
inurl:"impex/ImpExData.php?systempath="
inurl:"forum/impex/ImpExData.php?systempath="
inurl:"forums/impex/ImpExData.php?systempath="
inurl:"application.php?base_path="
inurl:"index.php?theme_path="
inurl:"become_editor.php?theme_path="
inurl:"add.php?theme_path="
inurl:"bad_link.php?theme_path="
inurl:"browse.php?theme_path="
inurl:"detail.php?theme_path="
inurl:"fav.php?theme_path="
inurl:"get_rated.php?theme_path="
inurl:"login.php?theme_path="
inurl:"mailing_list.php?theme_path="
inurl:"new.php?theme_path="
inurl:"modify.php?theme_path="
inurl:"pick.php?theme_path="
inurl:"power_search.php?theme_path="
inurl:"rating.php?theme_path="
inurl:"register.php?theme_path="
inurl:"review.php?theme_path="
inurl:"rss.php?theme_path="
inurl:"search.php?theme_path="
inurl:"send_pwd.php?theme_path="
inurl:"sendmail.php?theme_path="
inurl:"tell_friend.php?theme_path="
inurl:"top_rated.php?theme_path="
inurl:"user_detail.php?theme_path="
inurl:"user_search.php?theme_path="
inurl:"invoice.php?base_path="
inurl:"cgi-bin//classes/adodbt/sql.php?classes_dir="
inurl:"cgi-bin/install/index.php?G_PATH="
inurl:"cgi-bin/include/print_category.php?dir="
inurl:"includes/class_template.php?quezza_root_path="
inurl:"bazar/classified_right.php?language_dir="
inurl:"classified_right.php?language_dir="
inurl:"phpBazar/classified_right.php?language_dir="
inurl:"chat/messagesL.php3?cmd="
inurl:"phpMyChat/chat/messagesL.php3?cmd="
inurl:"bbs/include/write.php?dir="
inurl:"visitorupload.php?cmd="
inurl:"index.php?template="
inurl:"armygame.php?libpath="
inurl:"lire.php?rub="
inurl:"pathofhostadmin/?page="
inurl:"apa_phpinclude.inc.php?apa_module_basedir="
inurl:"index.php?req_path="
inurl:"research/boards/encapsbb-0.3.2_fixed/index_header.php?root="
inurl:"Farsi1/index.php?archive="
inurl:"index.php?archive="
inurl:"show_archives.php?template="
inurl:"forum/include/common.php?pun_root="
inurl:"vuln.php?="
inurl:"cgi-bin//include/write.php?dir="
inurl:"admin/common.inc.php?basepath="
inurl:"pm/lib.inc.php?sfx="
inurl:"pm/lib.inc.php?pm_path="
inurl:"artmedic-kleinanzeigen-path/index.php?id="
inurl:"index.php?pagina="
inurl:"osticket/include/main.php?include_dir="
inurl:"quick_reply.php?phpbb_root_path="
inurl:"zboard/include/write.php?dir="
inurl:"PATH/admin/plog-admin-functions.php?configbasedir="
inurl:"path_to_phpgreetz/content.php?content="
inurl:"path_to_qnews/q-news.php?id="
inurl:"_conf/core/common-tpl-vars.php?confdir="
inurl:"votebox.php?VoteBoxPath="
inurl:"al_initialize.php?alpath="
inurl:"protection.php?siteurl="
inurl:"modules/AllMyGuests/signin.php?_AMGconfig[cfg_serverpath]="
inurl:"index2.php?includes_dir="
inurl:"classes.php?LOCAL_PATH="
inurl:"extensions/moblog/moblog_lib.php?basedir="
inurl:"phpWebLog/include/init.inc.php?G_PATH="
inurl:"admin/objects.inc.php4?Server="
inurl:"trg_news30/trgnews/install/article.php?dir="
inurl:"block.php?Include="
inurl:"arpuivo.php?data="
inurl:"path_to_gallery/setup/index.php?GALLERY_BASEDIR="
inurl:"include/help.php?base="
inurl:"index.php?[Home]="
inurl:"path_to_script/block.php?Include="
inurl:"examples/phonebook.php?page="
inurl:"PHPNews/auth.php?path="
inurl:"include/print_category.php?dir="
inurl:"skin/zero_vote/login.php?dir="
inurl:"skin/zero_vote/setup.php?dir="
inurl:"skin/zero_vote/ask_password.php?dir="
inurl:"gui/include/sql.php?include_path="
inurl:"webmail/lib/emailreader_execute_on_each_page.inc.php?emailread er_ini="
inurl:"email.php?login=cer_skin="
inurl:"PhotoGal/ops/gals.php?news_file="
inurl:"index.php?custom="
inurl:"loginout.php?cutepath="
inurl:"xcomic/initialize.php?xcomicRootPath="
inurl:"skin/zero_vote/setup.php?dir="
inurl:"skin/zero_vote/error.php? dir="
inurl:"includes/db_adodb.php?baseDir="
inurl:"includes/db_connect.php?baseDir="
inurl:"includes/session.php?baseDir="
inurl:"modules/admin/vw_usr_roles.php?baseDir="
inurl:"modules/public/calendar.php?baseDir="
inurl:"modules/public/date_format.php?baseDir="
inurl:"modules/tasks/gantt.php?baseDir="
inurl:"mantis/login_page.php?g_meta_include_file="
inurl:"phpgedview/help_text_vars.php?PGV_BASE_DIRECTORY="
inurl:"modules/My_eGallery/public/displayCategory.php?basepath="
inurl:"dotproject/modules/files/index_table.php?root_dir="
inurl:"nukebrowser.php?filnavn="
inurl:"bug_sponsorship_list_view_inc.php?t_core_path="
inurl:"modules/coppermine/themes/coppercop/theme.php?THEME_DIR="
inurl:"modules/coppermine/themes/maze/theme.php?THEME_DIR="
inurl:"modules/coppermine/include/init.inc.php?CPG_M_DIR="
inurl:"includes/calendar.php?phpc_root_path="
inurl:"includes/setup.php?phpc_root_path="
inurl:"phpBB/admin/admin_styles.php?mode="
inurl:"aMember/plugins/db/mysql/mysql.inc.php?config="
inurl:"admin/lang.php?CMS_ADMIN_PAGE="
inurl:"inc/pipe.php?HCL_path="
inurl:"include/write.php?dir="
inurl:"becommunity/community/index.php?pageurl="
inurl:"modules/xoopsgallery/upgrade_album.php?GALLERY_BASEDIR="
inurl:"modules/mod_mainmenu.php?mosConfig_absolute_path="
inurl:"modules/agendax/addevent.inc.php?agendax_path="
inurl:"shoutbox/expanded.php?conf="
inurl:"modules/xgallery/upgrade_album.php?GALLERY_BASEDIR="
inurl:"index.php?page="
inurl:"index.php?pag="
inurl:"index.php?include="
inurl:"index.php?content="
inurl:"index.php?cont="
inurl:"index.php?c="
inurl:"modules/My_eGallery/index.php?basepath="
inurl:"modules/newbb_plus/class/forumpollrenderer.php?bbPath="
inurl:"journal.php?m="
inurl:"index.php?m="
inurl:"links.php?c="
inurl:"forums.php?m="
inurl:"list.php?c="
inurl:"user.php?xoops_redirect="
inurl:"index.php?id="
inurl:"r.php?url="
inurl:"inc/formmail.inc.php?script_root="
inurl:"include/init.inc.php?G_PATH="
inurl:"backend/addons/links/index.php?PATH="
inurl:"protection.php?siteurl="
inurl:"htmltonuke.php?filnavn="
inurl:"mail_autocheck.php?pm_path="
inurl:"index.php?p="
inurl:"modules/4nAlbum/public/displayCategory.php?basepath="
inurl:"e107/e107_handlers/secure_img_render.php?p="
inurl:"include/new-visitor.inc.php?lvc_include_dir="
inurl:"path_of_cpcommerce/_functions.php?prefix="
inurl:"community/modules/agendax/addevent.inc.php?agendax_path="
inurl:"library/editor/editor.php?root="
inurl:"library/lib.php?root="
inurl:"zentrack/index.php?configFile="
inurl:"pivot/modules/module_db.php?pivot_path="
inurl:"main.php?x="
inurl:"myPHPCalendar/admin.php?cal_dir="
inurl:"index.php/main.php?x="
inurl:"index.php?x="
inurl:"index.php?open="
inurl:"index.php?visualizar="
inurl:"template.php?pagina="
inurl:"index.php?inc="
inurl:"includes/include_onde.php?include_file="
inurl:"index.php?pg="
inurl:"index.php?show="
inurl:"index.php?cat="
inurl:"print.php?val1="
inurl:"cmd.php?function="
inurl:"iframe.php?file="
inurl:"os/pointer.php?url="
inurl:"p_uppc_francais/pages_php/p_aidcon_conseils/index.php?FM="
inurl:"index.php?file="
inurl:"db.php?path_local="
inurl:"phpGedView/individual.php?PGV_BASE_DIRECTORY="
inurl:"Sources/Packages.php?sourcedir="
inurl:"yabbse/Sources/Packages.php?sourcedir="
inurl:"modules/PNphpBB2/includes/functions_admin.php?phpbb_root_path="
inurl:"cgi-bin//gadgets/Blog/BlogModel.php?path="
inurl:"cgi-bin//admin.php?cal_dir="
inurl:"gallery/captionator.php?GALLERY_BASEDIR="
inurl:"cgi-bin/main.php?x="
inurl:"Blog/BlogModel.php?path="
inurl:"admin.php?cal_dir="
inurl:"expanded.php?conf="
inurl:"pollvote/pollvote.php?pollname="
inurl:"displayCategory.php?basepath="
inurl:"phpBB2/admin/admin_cash.php?phpbb_root_path="
inurl:"modules/foro/includes/functions_admin.php?phpbb_root_path="
inurl:"modules/Forums/admin/admin_forums.php?phpEx="
inurl:"modules/Forums/admin/admin_disallow.php?phpEx="
inurl:"modules/Forums/admin/admin_smilies.php?phpEx="
inurl:"modules/Forums/admin/admin_board.php?phpEx="
inurl:"modules/Forums/admin/admin_users.php?phpEx="
inurl:"modules/Forums/admin/admin_mass_email.php?phpEx="
inurl:"modules/Forums/admin/admin_forum_prune.php?phpEx="
inurl:"modules/Forums/admin/admin_styles.php?phpbb_root_path="
inurl:"index.php?hc="
inurl:"mt-comments.cgi?id="
inurl:"webcalendar/tools/send_reminders.php?includedir="
inurl:"cmd/product_info.php/products_id/1622/shop_content.php?coID="
inurl:"addevent.inc.php?agendax_path="
inurl:"step_one.php?server_inc="
inurl:"upgrade_album.php?GALLERY_BASEDIR="
inurl:"search.php?cutepath="
inurl:"modules.php?name="
inurl:"wagora/extras//quicklist.php?site="
inurl:"vCard/admin/define.inc.php?match="
inurl:"forum/ubbthreads.php?Cat="
inurl:"admin/includes/classes/spaw/spaw_control.class.php?spaw_root="
inurl:"secure.php?cfgProgDir="
inurl:"modules/My_eGallery/public//inc/?HCL_path="
inurl:"modules/My_eGallery/public/imagen.php?basepath="
inurl:"adlayer.php?layerstyle="
inurl:"Forums/bb_smilies.php?name="
inurl:"modules/Forums/bb_smilies.php?name="
inurl:"gadgets/Blog/BlogModel.php?path="
inurl:"learnlinc/clmcpreload.php?CLPATH="
inurl:"modernbill/samples/news.php?DIR="
inurl:"religions/faq.php?page="
inurl:"forum/viewtopic.php?t="
inurl:"announcements.php?includePath="
inurl:"inc/header.php/step_one.php?server_inc="
inurl:"phpatm/index.php?include_location="
inurl:"gb/form.inc.php3?lang="
inurl:"shannen/index.php?x="
inurl:"family/phpgedview/index.php?PGV_BASE_DIRECTORY="
inurl:"main.php?left="
inurl:"forum/misc.php?action="
inurl:"nucleus/libs/globalfunctions.php?DIR_LIBS="
inurl:"show_archives.php?cutepath="
inurl:"gallery.php="
inurl:"magicforum/misc.php?action="
inurl:"forum/admin/actions/del.php?include_path="
inurl:"index.php?meio="
inurl:"local/investing_industrialeastate1.php?a="
inurl:"modules/coppermine/themes/default/theme.php?THEME_DIR"
inurl:"Popper/index.php?childwindow.inc.php?form="
inurl:"class.mysql.php?path_to_bt_dir="
inurl:"include/footer.inc.php?_AMLconfig[cfg_serverpath]="
inurl:"eyeos/desktop.php?baccio="
inurl:"ashnews.php?pathtoashnews="
inurl:"index.php?modpath="
inurl:"becommunity/community/index.php?pageurl="
inurl:"index.php?sqld="
inurl:"modules/module_db.php?pivot_path="
inurl:"catalog/includes/include_once.php?include_file="
inurl:"cgi-bin/calendar.pl?fromTemplate="
inurl:"live/inc/pipe.php?HCL_path="
inurl:"zb41/include/write.php?dir="
inurl:"cgi-bin/awstats.pl?logfile="
inurl:"presse/stampa.php3?azione="
inurl:"inc/step_one_tables.php?server_inc="
inurl:"index.php?mainpage="
inurl:"phpprojekt/lib/authform.inc.php?path_pre="
inurl:"captionator.php?GALLERY_BASEDIR="
inurl:"_head.php?_zb_path=.example.com"
inurl:"achievo/atk/javascript/class.atkdateattribute.js.php?config_atkroot="
inurl:"gallery/captionator.php?GALLERY_BASEDIR=.example.com"
inurl:"globals.php3?LangCookie=.example.com"
inurl:"include/msql.php?inc_dir="
inurl:"include/mssql7.php?inc_dir="
inurl:"include/mysql.php?inc_dir="
inurl:"include/oci8.php?inc_dir="
inurl:"include/postgres.php?inc_dir="
inurl:"include/postgres65.php?inc_dir="
inurl:"install.php?phpbb_root_dir="
inurl:"mantis/login_page.php?g_meta_inc_dir="
inurl:"page.php?template="
inurl:"phorum/admin/actions/del.php?include_path="
inurl:"pollensondage.inc.php?app_path="
inurl:"user/agora_user.php?inc_dir="
inurl:"user/ldap_example.php?inc_dir="
inurl:"userlist.php?ME=.example.com"
inurl:"_functions.php?prefix="
inurl:"cpcommerce/_functions.php?prefix="
inurl:"ashnews.php?pathtoashnews=cd /tmp;wget"
inurl:"b2-tools/gm-2-b2.php?b2inc="
inurl:"includes/include_once.php?include_file="
inurl:"modules.php?name=jokeid="
inurl:"index.php?site="
inurl:"livehelp/inc/pipe.php?HCL_path="
inurl:"hcl/inc/pipe.php?HCL_path="
inurl:"support/faq/inc/pipe.php?HCL_path="
inurl:"help/faq/inc/pipe.php?HCL_path="
inurl:"helpcenter/inc/pipe.php?HCL_path="
inurl:"live-support/inc/pipe.php?HCL_path="
inurl:"gnu3/index.php?doc="
inurl:"gnu/index.php?doc="
inurl:"phpgwapi/setup/tables_update.inc.php?appdir="
inurl:"includes/calendar.php?phpc_root_path="
inurl:"includes/setup.php?phpc_root_path="
inurl:"inc/authform.inc.php?path_pre="
inurl:"include/authform.inc.php?path_pre="
inurl:"web_statistics/modules/coppermine/themes/default/theme.php?THEME_DIR="
inurl:"web_statistics//tools/send_reminders.php?includedir="
inurl:"web_statistics//include/write.php?dir="
inurl:"web_statistics//modules/My_eGallery/public/displayCategory.php?basepath="
inurl:"web_statistics//calendar/tools/send_reminders.php?includedir="
inurl:"web_statistics//skin/zero_vote/error.php?dir="
inurl:"web_statistics//coppercop/theme.php?THEME_DIR="
inurl:"includes/header.php?systempath="
inurl:"Gallery/displayCategory.php?basepath="
inurl:"index.inc.php?PATH_Includes="
inurl:"ashheadlines.php?pathtoashnews="
inurl:"demo/includes/init.php?user_inc="
inurl:"jaf/index.php?show="
inurl:"inc/shows.inc.php?cutepath="
inurl:"poll/admin/common.inc.php?base_path="
inurl:"sources/post.php?fil_config="
inurl:"bb_lib/checkdb.inc.php?libpach="
inurl:"include/livre_include.php?chem_absolu="
inurl:"index.php?pageurl="
inurl:"derniers_commentaires.php?rep="
inurl:"modules/coppermine/themes/default/theme.php?THEME_DIR="
inurl:"coppermine/themes/maze/theme.php?THEME_DIR="
inurl:"agendax/addevent.inc.php?agendax_path="
inurl:"main.php?page="
inurl:"default.php?page="
inurl:"index.php?action="
inurl:"index1.php?p="
inurl:"index2.php?x="
inurl:"index2.php?content="
inurl:"index.php?conteudo="
inurl:"GradeMap/index.php?page="
inurl:"phpopenchat/contrib/yabbse/poc.php?sourcedir="
inurl:"calendar/calendar.php?serverPath="
inurl:"calendar/functions/popup.php?serverPath="
inurl:"calendar/events/header.inc.php?serverPath="
inurl:"calendar/events/datePicker.php?serverPath="
inurl:"calendar/setup/setupSQL.php?serverPath="
inurl:"calendar/setup/header.inc.php?serverPath="
inurl:"install/index.php?G_PATH="
inurl:"support/mailling/maillist/inc/initdb.php?absolute_path="
inurl:"coppercop/theme.php?THEME_DIR="
inurl:"dotproject/modules/projects/addedit.php?root_dir="
inurl:"dotproject/modules/projects/view.php?root_dir="
inurl:"dotproject/modules/projects/vw_files.php?root_dir="
inurl:"dotproject/modules/tasks/addedit.php?root_dir="
inurl:"dotproject/modules/tasks/viewgantt.php?root_dir="
inurl:"My_eGallery/public/displayCategory.php?basepath="
inurl:"index.php?meio.php="
inurl:"index.php?configFile="
inurl:"index.php?do="
inurl:"phpshop/index.php?base_dir="
inurl:"contacts.php?cal_dir="
inurl:"convert-date.php?cal_dir="
inurl:"album_portal.php?phpbb_root_path="
inurl:"mainfile.php?MAIN_PATH="
inurl:"html/affich.php?base="
inurl:"gallery/init.php?HTTP_POST_VARS="
inurl:"ideabox/include.php?gorumDir="
inurl:"stats/modules/My_eGallery/index.php?basepath="
inurl:"stats/include/write.php?dir="
inurl:"stats/tools/send_reminders.php?includedir="
inurl:"index.cgiupgrade_album.php?GALLERY_BASEDIR="
inurl:"pollvote/pollvote.php?pollname"
inurl:"includes/page_header.php?dir="
inurl:"index2.php?mosConfig_absolute_path="
inurl:"new/bbs//include/write.php?dir="
inurl:"index.php?mosConfig_absolute_path="
inurl:"modules/My_eGallery/public/inc/?HCL_path="
inurl:"/forum/auth/auth.php?phpbb_root_path="
inurl:"/forum/auth/auth_phpbb/phpbb_root_path="
inurl:"/cutenews/comments.php?cutepath="
inurl:"/library/lib.php?root="
inurl:"/impex/ImpExData.php?systempath="
inurl:"/coppermine/thumbnails.php?lang="
inurl:"/gallery/thumbnails.php?lang="
inurl:"/aWebNews/visview.php?path_to_news="
inurl:"/ashnews.php?pathtoashnews="
inurl:"/4images/index.php?template="
inurl:"/galeri/index.php?template="
inurl:"/components/com_loudmounth/includes/abbc/abbc.class.php?mosConfig_absolute_path="
inurl:"/components/com_smf/smf.php?mosConfig_absolute_path="
inurl:"/components/com_videodb/core/videodb.class.xml.php?mosConfig_absolute_path="
inurl:"/components/com_simpleboard/image_upload.php?sbp="
inurl:"/gallery/index.php?template="
inurl:"/auth/auth.php?phpbb_root_path="
inurl:"/auth/auth_phpbb/phpbb_root_path="
inurl:"/modules/Forums/admin/index.php?phpbb_root_path="
inurl:"/modules/Forums/admin/admin_avatar.php?phpbb_root_path="
inurl:"/modules/Forums/admin/admin_styles.php?phpbb_root_path="
inurl:"/_wk/wk_lang.php?wkPath="
inurl:"/shoutbox/expanded.php?conf="
inurl:"/myPHPCalendar/admin.php?cal_dir="
inurl:"/phorum/plugin/replace/plugin.php?PHORUM[settings_dir]="
inurl:"/modules/Forums/admin/admin_board.php?phpEx="
inurl:"/modules/Forums/admin/admin_users.php?phpEx="
inurl:"/library/editor/editor.php?root="
inurl:"/library/lib.php?root="
inurl:"/e107/e107_handlers/secure_img_render.php?p="
inurl:"/modules/My_eGallery/public/displayCategory.php?basepath="
inurl:"/modules/My_eGallery/index.php?basepath="
inurl:"/modules/coppermine/themes/default/theme.php?THEME_DIR="
inurl:"/modules/4nAlbum/public/displayCategory.php?basepath="
inurl:"/modules/coppermine/themes/coppercop/theme.php?THEME_DIR="
inurl:"/modules/coppermine/themes/maze/theme.php?THEME_DIR="
inurl:"/modules/coppermine/include/init.inc.php?CPG_M_DIR="
inurl:"/phpBB/admin/admin_styles.php?mode="
inurl:"/modules/xoopsgallery/upgrade_album.php?GALLERY_BASEDIR="
inurl:"/modules/xgallery/upgrade_album.php?GALLERY_BASEDIR="
inurl:"/index.php?page="
inurl:"/index.php?pag="
inurl:"/index.php?sayfa="
inurl:"/index.php?pg="
inurl:"/index.php?include="
inurl:"/index.php?content= "
